// Jest Snapshot v1, https://goo.gl/fbAQLP

exports[`Pipeline Stack 1`] = `
Object {
  "Resources": Object {
    "CdkBuildProject9382C38D": Object {
      "Properties": Object {
        "Artifacts": Object {
          "Type": "CODEPIPELINE",
        },
        "EncryptionKey": "alias/aws/s3",
        "Environment": Object {
          "ComputeType": "BUILD_GENERAL1_SMALL",
          "Image": "aws/codebuild/standard:5.0",
          "ImagePullCredentialsType": "CODEBUILD",
          "PrivilegedMode": false,
          "Type": "LINUX_CONTAINER",
        },
        "ServiceRole": Object {
          "Fn::GetAtt": Array [
            "CdkBuildProjectRoleE0B6FEB0",
            "Arn",
          ],
        },
        "Source": Object {
          "BuildSpec": "build-spec/cdk-build-spec.yml",
          "Type": "CODEPIPELINE",
        },
      },
      "Type": "AWS::CodeBuild::Project",
    },
    "CdkBuildProjectRoleDefaultPolicy3C7ECB00": Object {
      "Properties": Object {
        "PolicyDocument": Object {
          "Statement": Array [
            Object {
              "Action": Array [
                "logs:CreateLogGroup",
                "logs:CreateLogStream",
                "logs:PutLogEvents",
              ],
              "Effect": "Allow",
              "Resource": Array [
                Object {
                  "Fn::Join": Array [
                    "",
                    Array [
                      "arn:",
                      Object {
                        "Ref": "AWS::Partition",
                      },
                      ":logs:",
                      Object {
                        "Ref": "AWS::Region",
                      },
                      ":",
                      Object {
                        "Ref": "AWS::AccountId",
                      },
                      ":log-group:/aws/codebuild/",
                      Object {
                        "Ref": "CdkBuildProject9382C38D",
                      },
                    ],
                  ],
                },
                Object {
                  "Fn::Join": Array [
                    "",
                    Array [
                      "arn:",
                      Object {
                        "Ref": "AWS::Partition",
                      },
                      ":logs:",
                      Object {
                        "Ref": "AWS::Region",
                      },
                      ":",
                      Object {
                        "Ref": "AWS::AccountId",
                      },
                      ":log-group:/aws/codebuild/",
                      Object {
                        "Ref": "CdkBuildProject9382C38D",
                      },
                      ":*",
                    ],
                  ],
                },
              ],
            },
            Object {
              "Action": Array [
                "codebuild:CreateReportGroup",
                "codebuild:CreateReport",
                "codebuild:UpdateReport",
                "codebuild:BatchPutTestCases",
                "codebuild:BatchPutCodeCoverages",
              ],
              "Effect": "Allow",
              "Resource": Object {
                "Fn::Join": Array [
                  "",
                  Array [
                    "arn:",
                    Object {
                      "Ref": "AWS::Partition",
                    },
                    ":codebuild:",
                    Object {
                      "Ref": "AWS::Region",
                    },
                    ":",
                    Object {
                      "Ref": "AWS::AccountId",
                    },
                    ":report-group/",
                    Object {
                      "Ref": "CdkBuildProject9382C38D",
                    },
                    "-*",
                  ],
                ],
              },
            },
            Object {
              "Action": Array [
                "s3:GetObject*",
                "s3:GetBucket*",
                "s3:List*",
                "s3:DeleteObject*",
                "s3:PutObject*",
                "s3:Abort*",
              ],
              "Effect": "Allow",
              "Resource": Array [
                Object {
                  "Fn::GetAtt": Array [
                    "PipelineArtifactsBucket22248F97",
                    "Arn",
                  ],
                },
                Object {
                  "Fn::Join": Array [
                    "",
                    Array [
                      Object {
                        "Fn::GetAtt": Array [
                          "PipelineArtifactsBucket22248F97",
                          "Arn",
                        ],
                      },
                      "/*",
                    ],
                  ],
                },
              ],
            },
          ],
          "Version": "2012-10-17",
        },
        "PolicyName": "CdkBuildProjectRoleDefaultPolicy3C7ECB00",
        "Roles": Array [
          Object {
            "Ref": "CdkBuildProjectRoleE0B6FEB0",
          },
        ],
      },
      "Type": "AWS::IAM::Policy",
    },
    "CdkBuildProjectRoleE0B6FEB0": Object {
      "Properties": Object {
        "AssumeRolePolicyDocument": Object {
          "Statement": Array [
            Object {
              "Action": "sts:AssumeRole",
              "Effect": "Allow",
              "Principal": Object {
                "Service": "codebuild.amazonaws.com",
              },
            },
          ],
          "Version": "2012-10-17",
        },
      },
      "Type": "AWS::IAM::Role",
    },
    "PipelineArtifactsBucket22248F97": Object {
      "DeletionPolicy": "Retain",
      "Properties": Object {
        "BucketEncryption": Object {
          "ServerSideEncryptionConfiguration": Array [
            Object {
              "ServerSideEncryptionByDefault": Object {
                "SSEAlgorithm": "aws:kms",
              },
            },
          ],
        },
        "PublicAccessBlockConfiguration": Object {
          "BlockPublicAcls": true,
          "BlockPublicPolicy": true,
          "IgnorePublicAcls": true,
          "RestrictPublicBuckets": true,
        },
      },
      "Type": "AWS::S3::Bucket",
      "UpdateReplacePolicy": "Retain",
    },
    "PipelineC660917D": Object {
      "DependsOn": Array [
        "PipelineRoleDefaultPolicyC7A05455",
        "PipelineRoleD68726F7",
      ],
      "Properties": Object {
        "ArtifactStore": Object {
          "Location": Object {
            "Ref": "PipelineArtifactsBucket22248F97",
          },
          "Type": "S3",
        },
        "Name": "MyPipeline",
        "RoleArn": Object {
          "Fn::GetAtt": Array [
            "PipelineRoleD68726F7",
            "Arn",
          ],
        },
        "Stages": Array [
          Object {
            "Actions": Array [
              Object {
                "ActionTypeId": Object {
                  "Category": "Source",
                  "Owner": "ThirdParty",
                  "Provider": "GitHub",
                  "Version": "1",
                },
                "Configuration": Object {
                  "Branch": "master",
                  "OAuthToken": "{{resolve:secretsmanager:github-token:SecretString:::}}",
                  "Owner": "MARudnicki",
                  "PollForSourceChanges": false,
                  "Repo": "maciejru-cdk",
                },
                "Name": "Pipeline_Source",
                "OutputArtifacts": Array [
                  Object {
                    "Name": "MySourceOutput",
                  },
                ],
                "RunOrder": 1,
              },
            ],
            "Name": "MySource",
          },
          Object {
            "Actions": Array [
              Object {
                "ActionTypeId": Object {
                  "Category": "Build",
                  "Owner": "AWS",
                  "Provider": "CodeBuild",
                  "Version": "1",
                },
                "Configuration": Object {
                  "ProjectName": Object {
                    "Ref": "CdkBuildProject9382C38D",
                  },
                },
                "InputArtifacts": Array [
                  Object {
                    "Name": "MySourceOutput",
                  },
                ],
                "Name": "CDK_Build",
                "OutputArtifacts": Array [
                  Object {
                    "Name": "CdkBuildOutput",
                  },
                ],
                "RoleArn": Object {
                  "Fn::GetAtt": Array [
                    "PipelineMyBuildCDKBuildCodePipelineActionRole8AF9C128",
                    "Arn",
                  ],
                },
                "RunOrder": 1,
              },
            ],
            "Name": "MyBuild",
          },
          Object {
            "Actions": Array [
              Object {
                "ActionTypeId": Object {
                  "Category": "Deploy",
                  "Owner": "AWS",
                  "Provider": "CloudFormation",
                  "Version": "1",
                },
                "Configuration": Object {
                  "ActionMode": "CREATE_UPDATE",
                  "Capabilities": "CAPABILITY_NAMED_IAM",
                  "RoleArn": Object {
                    "Fn::GetAtt": Array [
                      "PipelineMyPipelineUpdatePipelineUpdateRole57375C1F",
                      "Arn",
                    ],
                  },
                  "StackName": "MaciejruCdkStack",
                  "TemplatePath": "CdkBuildOutput::MaciejruCdkStack.template.json",
                },
                "InputArtifacts": Array [
                  Object {
                    "Name": "CdkBuildOutput",
                  },
                ],
                "Name": "Pipeline_Update",
                "RoleArn": Object {
                  "Fn::GetAtt": Array [
                    "PipelineMyPipelineUpdatePipelineUpdateCodePipelineActionRoleC1E38516",
                    "Arn",
                  ],
                },
                "RunOrder": 1,
              },
            ],
            "Name": "MyPipelineUpdate",
          },
        ],
      },
      "Type": "AWS::CodePipeline::Pipeline",
    },
    "PipelineMyBuildCDKBuildCodePipelineActionRole8AF9C128": Object {
      "Properties": Object {
        "AssumeRolePolicyDocument": Object {
          "Statement": Array [
            Object {
              "Action": "sts:AssumeRole",
              "Effect": "Allow",
              "Principal": Object {
                "AWS": Object {
                  "Fn::Join": Array [
                    "",
                    Array [
                      "arn:",
                      Object {
                        "Ref": "AWS::Partition",
                      },
                      ":iam::",
                      Object {
                        "Ref": "AWS::AccountId",
                      },
                      ":root",
                    ],
                  ],
                },
              },
            },
          ],
          "Version": "2012-10-17",
        },
      },
      "Type": "AWS::IAM::Role",
    },
    "PipelineMyBuildCDKBuildCodePipelineActionRoleDefaultPolicy6DE91FAB": Object {
      "Properties": Object {
        "PolicyDocument": Object {
          "Statement": Array [
            Object {
              "Action": Array [
                "codebuild:BatchGetBuilds",
                "codebuild:StartBuild",
                "codebuild:StopBuild",
              ],
              "Effect": "Allow",
              "Resource": Object {
                "Fn::GetAtt": Array [
                  "CdkBuildProject9382C38D",
                  "Arn",
                ],
              },
            },
          ],
          "Version": "2012-10-17",
        },
        "PolicyName": "PipelineMyBuildCDKBuildCodePipelineActionRoleDefaultPolicy6DE91FAB",
        "Roles": Array [
          Object {
            "Ref": "PipelineMyBuildCDKBuildCodePipelineActionRole8AF9C128",
          },
        ],
      },
      "Type": "AWS::IAM::Policy",
    },
    "PipelineMyPipelineUpdatePipelineUpdateCodePipelineActionRoleC1E38516": Object {
      "Properties": Object {
        "AssumeRolePolicyDocument": Object {
          "Statement": Array [
            Object {
              "Action": "sts:AssumeRole",
              "Effect": "Allow",
              "Principal": Object {
                "AWS": Object {
                  "Fn::Join": Array [
                    "",
                    Array [
                      "arn:",
                      Object {
                        "Ref": "AWS::Partition",
                      },
                      ":iam::",
                      Object {
                        "Ref": "AWS::AccountId",
                      },
                      ":root",
                    ],
                  ],
                },
              },
            },
          ],
          "Version": "2012-10-17",
        },
      },
      "Type": "AWS::IAM::Role",
    },
    "PipelineMyPipelineUpdatePipelineUpdateCodePipelineActionRoleDefaultPolicy6F30CEC2": Object {
      "Properties": Object {
        "PolicyDocument": Object {
          "Statement": Array [
            Object {
              "Action": "iam:PassRole",
              "Effect": "Allow",
              "Resource": Object {
                "Fn::GetAtt": Array [
                  "PipelineMyPipelineUpdatePipelineUpdateRole57375C1F",
                  "Arn",
                ],
              },
            },
            Object {
              "Action": Array [
                "s3:GetObject*",
                "s3:GetBucket*",
                "s3:List*",
              ],
              "Effect": "Allow",
              "Resource": Array [
                Object {
                  "Fn::GetAtt": Array [
                    "PipelineArtifactsBucket22248F97",
                    "Arn",
                  ],
                },
                Object {
                  "Fn::Join": Array [
                    "",
                    Array [
                      Object {
                        "Fn::GetAtt": Array [
                          "PipelineArtifactsBucket22248F97",
                          "Arn",
                        ],
                      },
                      "/*",
                    ],
                  ],
                },
              ],
            },
            Object {
              "Action": Array [
                "cloudformation:CreateStack",
                "cloudformation:DescribeStack*",
                "cloudformation:GetStackPolicy",
                "cloudformation:GetTemplate*",
                "cloudformation:SetStackPolicy",
                "cloudformation:UpdateStack",
                "cloudformation:ValidateTemplate",
              ],
              "Effect": "Allow",
              "Resource": Object {
                "Fn::Join": Array [
                  "",
                  Array [
                    "arn:",
                    Object {
                      "Ref": "AWS::Partition",
                    },
                    ":cloudformation:",
                    Object {
                      "Ref": "AWS::Region",
                    },
                    ":",
                    Object {
                      "Ref": "AWS::AccountId",
                    },
                    ":stack/MaciejruCdkStack/*",
                  ],
                ],
              },
            },
          ],
          "Version": "2012-10-17",
        },
        "PolicyName": "PipelineMyPipelineUpdatePipelineUpdateCodePipelineActionRoleDefaultPolicy6F30CEC2",
        "Roles": Array [
          Object {
            "Ref": "PipelineMyPipelineUpdatePipelineUpdateCodePipelineActionRoleC1E38516",
          },
        ],
      },
      "Type": "AWS::IAM::Policy",
    },
    "PipelineMyPipelineUpdatePipelineUpdateRole57375C1F": Object {
      "Properties": Object {
        "AssumeRolePolicyDocument": Object {
          "Statement": Array [
            Object {
              "Action": "sts:AssumeRole",
              "Effect": "Allow",
              "Principal": Object {
                "Service": "cloudformation.amazonaws.com",
              },
            },
          ],
          "Version": "2012-10-17",
        },
      },
      "Type": "AWS::IAM::Role",
    },
    "PipelineMyPipelineUpdatePipelineUpdateRoleDefaultPolicyF27F93AB": Object {
      "Properties": Object {
        "PolicyDocument": Object {
          "Statement": Array [
            Object {
              "Action": Array [
                "s3:GetObject*",
                "s3:GetBucket*",
                "s3:List*",
              ],
              "Effect": "Allow",
              "Resource": Array [
                Object {
                  "Fn::GetAtt": Array [
                    "PipelineArtifactsBucket22248F97",
                    "Arn",
                  ],
                },
                Object {
                  "Fn::Join": Array [
                    "",
                    Array [
                      Object {
                        "Fn::GetAtt": Array [
                          "PipelineArtifactsBucket22248F97",
                          "Arn",
                        ],
                      },
                      "/*",
                    ],
                  ],
                },
              ],
            },
            Object {
              "Action": "*",
              "Effect": "Allow",
              "Resource": "*",
            },
          ],
          "Version": "2012-10-17",
        },
        "PolicyName": "PipelineMyPipelineUpdatePipelineUpdateRoleDefaultPolicyF27F93AB",
        "Roles": Array [
          Object {
            "Ref": "PipelineMyPipelineUpdatePipelineUpdateRole57375C1F",
          },
        ],
      },
      "Type": "AWS::IAM::Policy",
    },
    "PipelineMySourcePipelineSourceWebhookResource52E101F5": Object {
      "Properties": Object {
        "Authentication": "GITHUB_HMAC",
        "AuthenticationConfiguration": Object {
          "SecretToken": "{{resolve:secretsmanager:github-token:SecretString:::}}",
        },
        "Filters": Array [
          Object {
            "JsonPath": "$.ref",
            "MatchEquals": "refs/heads/{Branch}",
          },
        ],
        "RegisterWithThirdParty": true,
        "TargetAction": "Pipeline_Source",
        "TargetPipeline": Object {
          "Ref": "PipelineC660917D",
        },
        "TargetPipelineVersion": 1,
      },
      "Type": "AWS::CodePipeline::Webhook",
    },
    "PipelineRoleD68726F7": Object {
      "Properties": Object {
        "AssumeRolePolicyDocument": Object {
          "Statement": Array [
            Object {
              "Action": "sts:AssumeRole",
              "Effect": "Allow",
              "Principal": Object {
                "Service": "codepipeline.amazonaws.com",
              },
            },
          ],
          "Version": "2012-10-17",
        },
      },
      "Type": "AWS::IAM::Role",
    },
    "PipelineRoleDefaultPolicyC7A05455": Object {
      "Properties": Object {
        "PolicyDocument": Object {
          "Statement": Array [
            Object {
              "Action": Array [
                "s3:GetObject*",
                "s3:GetBucket*",
                "s3:List*",
                "s3:DeleteObject*",
                "s3:PutObject*",
                "s3:Abort*",
              ],
              "Effect": "Allow",
              "Resource": Array [
                Object {
                  "Fn::GetAtt": Array [
                    "PipelineArtifactsBucket22248F97",
                    "Arn",
                  ],
                },
                Object {
                  "Fn::Join": Array [
                    "",
                    Array [
                      Object {
                        "Fn::GetAtt": Array [
                          "PipelineArtifactsBucket22248F97",
                          "Arn",
                        ],
                      },
                      "/*",
                    ],
                  ],
                },
              ],
            },
            Object {
              "Action": "sts:AssumeRole",
              "Effect": "Allow",
              "Resource": Object {
                "Fn::GetAtt": Array [
                  "PipelineMyBuildCDKBuildCodePipelineActionRole8AF9C128",
                  "Arn",
                ],
              },
            },
            Object {
              "Action": "sts:AssumeRole",
              "Effect": "Allow",
              "Resource": Object {
                "Fn::GetAtt": Array [
                  "PipelineMyPipelineUpdatePipelineUpdateCodePipelineActionRoleC1E38516",
                  "Arn",
                ],
              },
            },
          ],
          "Version": "2012-10-17",
        },
        "PolicyName": "PipelineRoleDefaultPolicyC7A05455",
        "Roles": Array [
          Object {
            "Ref": "PipelineRoleD68726F7",
          },
        ],
      },
      "Type": "AWS::IAM::Policy",
    },
  },
}
`;
